// Jest Snapshot v1, https://goo.gl/fbAQLP

exports[`TopBarContent Should render correctly 1`] = `
Object {
  "asFragment": [Function],
  "baseElement": <body>
    <div>
      <div
        class="TopBarContent-content-1"
      >
        <div
          class="TopBarContent-info-2"
        >
          <span
            class="MuiTypography-root MuiTypography-overline"
          >
            Assets 
            <span
              class="MuiTypography-root MuiTypography-overline MuiTypography-colorSecondary"
            >
              1658
            </span>
          </span>
          <span
            class="MuiTypography-root MuiTypography-overline"
          >
            Markets 
            <span
              class="MuiTypography-root MuiTypography-overline MuiTypography-colorSecondary"
            >
              6734
            </span>
          </span>
          <span
            class="MuiTypography-root MuiTypography-overline"
          >
            Market Cap 
            <span
              class="MuiTypography-root MuiTypography-overline MuiTypography-colorSecondary"
            >
              $1,482,969,770,164
            </span>
          </span>
          <span
            class="MuiTypography-root MuiTypography-overline"
          >
            24h Volume 
            <span
              class="MuiTypography-root MuiTypography-overline MuiTypography-colorSecondary"
            >
              $88,640,281,239
            </span>
          </span>
          <span
            class="MuiTypography-root MuiTypography-overline"
          >
            Dominance 
            <span
              class="MuiTypography-root MuiTypography-overline MuiTypography-colorSecondary"
            >
              BTC 
              61.57%
            </span>
          </span>
        </div>
      </div>
    </div>
  </body>,
  "container": <div>
    <div
      class="TopBarContent-content-1"
    >
      <div
        class="TopBarContent-info-2"
      >
        <span
          class="MuiTypography-root MuiTypography-overline"
        >
          Assets 
          <span
            class="MuiTypography-root MuiTypography-overline MuiTypography-colorSecondary"
          >
            1658
          </span>
        </span>
        <span
          class="MuiTypography-root MuiTypography-overline"
        >
          Markets 
          <span
            class="MuiTypography-root MuiTypography-overline MuiTypography-colorSecondary"
          >
            6734
          </span>
        </span>
        <span
          class="MuiTypography-root MuiTypography-overline"
        >
          Market Cap 
          <span
            class="MuiTypography-root MuiTypography-overline MuiTypography-colorSecondary"
          >
            $1,482,969,770,164
          </span>
        </span>
        <span
          class="MuiTypography-root MuiTypography-overline"
        >
          24h Volume 
          <span
            class="MuiTypography-root MuiTypography-overline MuiTypography-colorSecondary"
          >
            $88,640,281,239
          </span>
        </span>
        <span
          class="MuiTypography-root MuiTypography-overline"
        >
          Dominance 
          <span
            class="MuiTypography-root MuiTypography-overline MuiTypography-colorSecondary"
          >
            BTC 
            61.57%
          </span>
        </span>
      </div>
    </div>
  </div>,
  "debug": [Function],
  "findAllByAltText": [Function],
  "findAllByDisplayValue": [Function],
  "findAllByLabelText": [Function],
  "findAllByPlaceholderText": [Function],
  "findAllByRole": [Function],
  "findAllByTestId": [Function],
  "findAllByText": [Function],
  "findAllByTitle": [Function],
  "findByAltText": [Function],
  "findByDisplayValue": [Function],
  "findByLabelText": [Function],
  "findByPlaceholderText": [Function],
  "findByRole": [Function],
  "findByTestId": [Function],
  "findByText": [Function],
  "findByTitle": [Function],
  "getAllByAltText": [Function],
  "getAllByDisplayValue": [Function],
  "getAllByLabelText": [Function],
  "getAllByPlaceholderText": [Function],
  "getAllByRole": [Function],
  "getAllByTestId": [Function],
  "getAllByText": [Function],
  "getAllByTitle": [Function],
  "getByAltText": [Function],
  "getByDisplayValue": [Function],
  "getByLabelText": [Function],
  "getByPlaceholderText": [Function],
  "getByRole": [Function],
  "getByTestId": [Function],
  "getByText": [Function],
  "getByTitle": [Function],
  "queryAllByAltText": [Function],
  "queryAllByDisplayValue": [Function],
  "queryAllByLabelText": [Function],
  "queryAllByPlaceholderText": [Function],
  "queryAllByRole": [Function],
  "queryAllByTestId": [Function],
  "queryAllByText": [Function],
  "queryAllByTitle": [Function],
  "queryByAltText": [Function],
  "queryByDisplayValue": [Function],
  "queryByLabelText": [Function],
  "queryByPlaceholderText": [Function],
  "queryByRole": [Function],
  "queryByTestId": [Function],
  "queryByText": [Function],
  "queryByTitle": [Function],
  "rerender": [Function],
  "unmount": [Function],
}
`;
