// Jest Snapshot v1, https://goo.gl/fbAQLP

exports[`Colors Shuold return colors correctly 1`] = `
Object {
  "background": "#F0F3F6",
  "gray1": "#333333",
  "gray2": "#4F4F4F",
  "gray3": "#828282",
  "gray5": "#E0E0E0",
  "primary": "#2196F3",
  "secondary": "#F50057",
  "white": "#FFFFFF",
}
`;
