// Jest Snapshot v1, https://goo.gl/fbAQLP

exports[`Header Should render it correctly 1`] = `
Object {
  "asFragment": [Function],
  "baseElement": <body>
    <div>
      <header
        class="MuiPaper-root MuiAppBar-root MuiAppBar-positionRelative MuiAppBar-colorInherit MuiPaper-elevation0"
      >
        <div
          class="MuiToolbar-root MuiToolbar-regular Header-toolbar-1 MuiToolbar-gutters"
        >
          <a
            class="MuiTypography-root MuiLink-root MuiLink-underlineNone ICoinLogo-logo-2 MuiTypography-colorPrimary"
            href="/"
          >
            <img
              alt="Logo"
              class="ICoinLogo-image-3"
              src="/logo.svg"
            />
            <h5
              class="MuiTypography-root ICoinLogo-title-4 MuiTypography-h5"
            >
              iCoin
            </h5>
          </a>
          <button
            class="MuiButtonBase-root MuiIconButton-root"
            tabindex="0"
            type="button"
          >
            <span
              class="MuiIconButton-label"
            >
              <svg
                aria-hidden="true"
                class="MuiSvgIcon-root"
                focusable="false"
                viewBox="0 0 24 24"
              >
                <path
                  d="M3 18h18v-2H3v2zm0-5h18v-2H3v2zm0-7v2h18V6H3z"
                />
              </svg>
            </span>
            <span
              class="MuiTouchRipple-root"
            />
          </button>
          <div
            class="PrivateSwipeArea-root-6 PrivateSwipeArea-anchorRight-8"
            style="width: 20px;"
          />
        </div>
      </header>
    </div>
  </body>,
  "container": <div>
    <header
      class="MuiPaper-root MuiAppBar-root MuiAppBar-positionRelative MuiAppBar-colorInherit MuiPaper-elevation0"
    >
      <div
        class="MuiToolbar-root MuiToolbar-regular Header-toolbar-1 MuiToolbar-gutters"
      >
        <a
          class="MuiTypography-root MuiLink-root MuiLink-underlineNone ICoinLogo-logo-2 MuiTypography-colorPrimary"
          href="/"
        >
          <img
            alt="Logo"
            class="ICoinLogo-image-3"
            src="/logo.svg"
          />
          <h5
            class="MuiTypography-root ICoinLogo-title-4 MuiTypography-h5"
          >
            iCoin
          </h5>
        </a>
        <button
          class="MuiButtonBase-root MuiIconButton-root"
          tabindex="0"
          type="button"
        >
          <span
            class="MuiIconButton-label"
          >
            <svg
              aria-hidden="true"
              class="MuiSvgIcon-root"
              focusable="false"
              viewBox="0 0 24 24"
            >
              <path
                d="M3 18h18v-2H3v2zm0-5h18v-2H3v2zm0-7v2h18V6H3z"
              />
            </svg>
          </span>
          <span
            class="MuiTouchRipple-root"
          />
        </button>
        <div
          class="PrivateSwipeArea-root-6 PrivateSwipeArea-anchorRight-8"
          style="width: 20px;"
        />
      </div>
    </header>
  </div>,
  "debug": [Function],
  "findAllByAltText": [Function],
  "findAllByDisplayValue": [Function],
  "findAllByLabelText": [Function],
  "findAllByPlaceholderText": [Function],
  "findAllByRole": [Function],
  "findAllByTestId": [Function],
  "findAllByText": [Function],
  "findAllByTitle": [Function],
  "findByAltText": [Function],
  "findByDisplayValue": [Function],
  "findByLabelText": [Function],
  "findByPlaceholderText": [Function],
  "findByRole": [Function],
  "findByTestId": [Function],
  "findByText": [Function],
  "findByTitle": [Function],
  "getAllByAltText": [Function],
  "getAllByDisplayValue": [Function],
  "getAllByLabelText": [Function],
  "getAllByPlaceholderText": [Function],
  "getAllByRole": [Function],
  "getAllByTestId": [Function],
  "getAllByText": [Function],
  "getAllByTitle": [Function],
  "getByAltText": [Function],
  "getByDisplayValue": [Function],
  "getByLabelText": [Function],
  "getByPlaceholderText": [Function],
  "getByRole": [Function],
  "getByTestId": [Function],
  "getByText": [Function],
  "getByTitle": [Function],
  "queryAllByAltText": [Function],
  "queryAllByDisplayValue": [Function],
  "queryAllByLabelText": [Function],
  "queryAllByPlaceholderText": [Function],
  "queryAllByRole": [Function],
  "queryAllByTestId": [Function],
  "queryAllByText": [Function],
  "queryAllByTitle": [Function],
  "queryByAltText": [Function],
  "queryByDisplayValue": [Function],
  "queryByLabelText": [Function],
  "queryByPlaceholderText": [Function],
  "queryByRole": [Function],
  "queryByTestId": [Function],
  "queryByText": [Function],
  "queryByTitle": [Function],
  "rerender": [Function],
  "unmount": [Function],
}
`;
