// Jest Snapshot v1, https://goo.gl/fbAQLP

exports[`Header Should render it correctly 1`] = `
Object {
  "asFragment": [Function],
  "baseElement": <body>
    <div>
      <header
        class="MuiPaper-root MuiAppBar-root MuiAppBar-positionRelative MuiAppBar-colorInherit MuiPaper-elevation0"
      >
        <div
          class="MuiToolbar-root MuiToolbar-regular MuiToolbar-gutters"
        >
          <a
            class="MuiTypography-root MuiLink-root MuiLink-underlineNone ICoinLogo-logo-1 MuiTypography-colorPrimary"
            href="/"
          >
            <img
              alt="Logo"
              class="ICoinLogo-image-2"
              src="/logo.svg"
            />
            <h5
              class="MuiTypography-root ICoinLogo-title-3 MuiTypography-h5"
            >
              iCoin
            </h5>
          </a>
          <div
            class="MuiGrid-root MuiGrid-container"
          >
            <div
              class="MuiGrid-root MuiGrid-item MuiGrid-grid-xs-12 MuiGrid-grid-sm-8 MuiGrid-grid-lg-4"
            >
              <div
                class="Menu-menu-4"
              >
                <a
                  class="MuiTypography-root MuiLink-root MuiLink-underlineNone MuiTypography-colorInherit"
                  href="/"
                >
                  <h6
                    class="MuiTypography-root MuiTypography-subtitle2 MuiTypography-colorPrimary"
                  >
                    Market Cap
                  </h6>
                </a>
                <a
                  class="MuiTypography-root MuiLink-root MuiLink-underlineNone MuiTypography-colorInherit"
                  href="/exchanges"
                >
                  <h6
                    class="MuiTypography-root MuiTypography-subtitle2"
                  >
                    Exchanges
                  </h6>
                </a>
                <a
                  class="MuiTypography-root MuiLink-root MuiLink-underlineNone MuiTypography-colorInherit"
                  href="/trending"
                >
                  <h6
                    class="MuiTypography-root MuiTypography-subtitle2"
                  >
                    Trending
                  </h6>
                </a>
              </div>
            </div>
          </div>
        </div>
      </header>
    </div>
  </body>,
  "container": <div>
    <header
      class="MuiPaper-root MuiAppBar-root MuiAppBar-positionRelative MuiAppBar-colorInherit MuiPaper-elevation0"
    >
      <div
        class="MuiToolbar-root MuiToolbar-regular MuiToolbar-gutters"
      >
        <a
          class="MuiTypography-root MuiLink-root MuiLink-underlineNone ICoinLogo-logo-1 MuiTypography-colorPrimary"
          href="/"
        >
          <img
            alt="Logo"
            class="ICoinLogo-image-2"
            src="/logo.svg"
          />
          <h5
            class="MuiTypography-root ICoinLogo-title-3 MuiTypography-h5"
          >
            iCoin
          </h5>
        </a>
        <div
          class="MuiGrid-root MuiGrid-container"
        >
          <div
            class="MuiGrid-root MuiGrid-item MuiGrid-grid-xs-12 MuiGrid-grid-sm-8 MuiGrid-grid-lg-4"
          >
            <div
              class="Menu-menu-4"
            >
              <a
                class="MuiTypography-root MuiLink-root MuiLink-underlineNone MuiTypography-colorInherit"
                href="/"
              >
                <h6
                  class="MuiTypography-root MuiTypography-subtitle2 MuiTypography-colorPrimary"
                >
                  Market Cap
                </h6>
              </a>
              <a
                class="MuiTypography-root MuiLink-root MuiLink-underlineNone MuiTypography-colorInherit"
                href="/exchanges"
              >
                <h6
                  class="MuiTypography-root MuiTypography-subtitle2"
                >
                  Exchanges
                </h6>
              </a>
              <a
                class="MuiTypography-root MuiLink-root MuiLink-underlineNone MuiTypography-colorInherit"
                href="/trending"
              >
                <h6
                  class="MuiTypography-root MuiTypography-subtitle2"
                >
                  Trending
                </h6>
              </a>
            </div>
          </div>
        </div>
      </div>
    </header>
  </div>,
  "debug": [Function],
  "findAllByAltText": [Function],
  "findAllByDisplayValue": [Function],
  "findAllByLabelText": [Function],
  "findAllByPlaceholderText": [Function],
  "findAllByRole": [Function],
  "findAllByTestId": [Function],
  "findAllByText": [Function],
  "findAllByTitle": [Function],
  "findByAltText": [Function],
  "findByDisplayValue": [Function],
  "findByLabelText": [Function],
  "findByPlaceholderText": [Function],
  "findByRole": [Function],
  "findByTestId": [Function],
  "findByText": [Function],
  "findByTitle": [Function],
  "getAllByAltText": [Function],
  "getAllByDisplayValue": [Function],
  "getAllByLabelText": [Function],
  "getAllByPlaceholderText": [Function],
  "getAllByRole": [Function],
  "getAllByTestId": [Function],
  "getAllByText": [Function],
  "getAllByTitle": [Function],
  "getByAltText": [Function],
  "getByDisplayValue": [Function],
  "getByLabelText": [Function],
  "getByPlaceholderText": [Function],
  "getByRole": [Function],
  "getByTestId": [Function],
  "getByText": [Function],
  "getByTitle": [Function],
  "queryAllByAltText": [Function],
  "queryAllByDisplayValue": [Function],
  "queryAllByLabelText": [Function],
  "queryAllByPlaceholderText": [Function],
  "queryAllByRole": [Function],
  "queryAllByTestId": [Function],
  "queryAllByText": [Function],
  "queryAllByTitle": [Function],
  "queryByAltText": [Function],
  "queryByDisplayValue": [Function],
  "queryByLabelText": [Function],
  "queryByPlaceholderText": [Function],
  "queryByRole": [Function],
  "queryByTestId": [Function],
  "queryByText": [Function],
  "queryByTitle": [Function],
  "rerender": [Function],
  "unmount": [Function],
}
`;
