// Jest Snapshot v1, https://goo.gl/fbAQLP

exports[`Assets Should render it correctly 1`] = `
Object {
  "asFragment": [Function],
  "baseElement": <body>
    <div>
      <div
        class="MuiContainer-root ContainerWrapper-container-1 MuiContainer-maxWidthLg"
      >
        <div
          class="MuiPaper-root MuiTableContainer-root MuiPaper-elevation1 MuiPaper-rounded"
        >
          <table
            class="MuiTable-root"
          >
            <thead
              class="MuiTableHead-root"
            >
              <tr
                class="MuiTableRow-root MuiTableRow-head"
              >
                <th
                  class="MuiTableCell-root MuiTableCell-head"
                  scope="col"
                >
                  #
                </th>
                <th
                  class="MuiTableCell-root MuiTableCell-head"
                  scope="col"
                >
                  Name and Description
                </th>
                <th
                  class="MuiTableCell-root MuiTableCell-head MuiTableCell-alignRight"
                  scope="col"
                >
                  Market Cap
                </th>
                <th
                  class="MuiTableCell-root MuiTableCell-head MuiTableCell-alignRight"
                  scope="col"
                >
                  Price
                </th>
                <th
                  class="MuiTableCell-root MuiTableCell-head MuiTableCell-alignRight"
                  scope="col"
                >
                  Circularing Supply
                </th>
                <th
                  class="MuiTableCell-root MuiTableCell-head MuiTableCell-alignRight"
                  scope="col"
                >
                  Volume
                </th>
                <th
                  class="MuiTableCell-root MuiTableCell-head MuiTableCell-alignRight"
                  scope="col"
                >
                  Change (24h)
                </th>
              </tr>
            </thead>
            <tbody
              class="MuiTableBody-root"
            >
              <tr
                class="MuiTableRow-root AssetItem-asset-2"
              >
                <td
                  class="MuiTableCell-root MuiTableCell-body"
                >
                  <h6
                    class="MuiTypography-root MuiTypography-subtitle2"
                  >
                    1
                    .
                  </h6>
                </td>
                <td
                  class="MuiTableCell-root MuiTableCell-body"
                >
                  <div
                    class="AssetNameAndDescription-name-5"
                  >
                    <div>
                      <h6
                        class="MuiTypography-root MuiTypography-h6"
                      >
                        Bitcoin
                      </h6>
                      <span
                        class="MuiTypography-root MuiTypography-caption"
                      >
                        BTC
                      </span>
                    </div>
                  </div>
                </td>
                <td
                  class="MuiTableCell-root MuiTableCell-body MuiTableCell-alignRight"
                >
                  <h6
                    class="MuiTypography-root MuiTypography-subtitle2"
                  >
                    $647.16b
                  </h6>
                </td>
                <td
                  class="MuiTableCell-root MuiTableCell-body MuiTableCell-alignRight"
                >
                  <h6
                    class="MuiTypography-root MuiTypography-subtitle2"
                  >
                    $34,761.62
                  </h6>
                </td>
                <td
                  class="MuiTableCell-root MuiTableCell-body MuiTableCell-alignRight"
                >
                  <h6
                    class="MuiTypography-root MuiTypography-subtitle2"
                  >
                    18,617,050
                  </h6>
                </td>
                <td
                  class="MuiTableCell-root MuiTableCell-body MuiTableCell-alignRight"
                >
                  <h6
                    class="MuiTypography-root MuiTypography-subtitle2"
                  >
                    $14.57b
                  </h6>
                </td>
                <td
                  class="MuiTableCell-root MuiTableCell-body MuiTableCell-alignRight"
                >
                  <h6
                    class="MuiTypography-root ValueColor-up-6 MuiTypography-subtitle2"
                  >
                    3.15%
                  </h6>
                </td>
              </tr>
              <tr
                class="MuiTableRow-root AssetItem-asset-2"
              >
                <td
                  class="MuiTableCell-root MuiTableCell-body"
                >
                  <h6
                    class="MuiTypography-root MuiTypography-subtitle2"
                  >
                    2
                    .
                  </h6>
                </td>
                <td
                  class="MuiTableCell-root MuiTableCell-body"
                >
                  <div
                    class="AssetNameAndDescription-name-5"
                  >
                    <div>
                      <h6
                        class="MuiTypography-root MuiTypography-h6"
                      >
                        Ethereum
                      </h6>
                      <span
                        class="MuiTypography-root MuiTypography-caption"
                      >
                        ETH
                      </span>
                    </div>
                  </div>
                </td>
                <td
                  class="MuiTableCell-root MuiTableCell-body MuiTableCell-alignRight"
                >
                  <h6
                    class="MuiTypography-root MuiTypography-subtitle2"
                  >
                    $163.02b
                  </h6>
                </td>
                <td
                  class="MuiTableCell-root MuiTableCell-body MuiTableCell-alignRight"
                >
                  <h6
                    class="MuiTypography-root MuiTypography-subtitle2"
                  >
                    $1,423.75
                  </h6>
                </td>
                <td
                  class="MuiTableCell-root MuiTableCell-body MuiTableCell-alignRight"
                >
                  <h6
                    class="MuiTypography-root MuiTypography-subtitle2"
                  >
                    114,503,686.687
                  </h6>
                </td>
                <td
                  class="MuiTableCell-root MuiTableCell-body MuiTableCell-alignRight"
                >
                  <h6
                    class="MuiTypography-root MuiTypography-subtitle2"
                  >
                    $10.51b
                  </h6>
                </td>
                <td
                  class="MuiTableCell-root MuiTableCell-body MuiTableCell-alignRight"
                >
                  <h6
                    class="MuiTypography-root ValueColor-up-6 MuiTypography-subtitle2"
                  >
                    7.16%
                  </h6>
                </td>
              </tr>
            </tbody>
          </table>
        </div>
      </div>
    </div>
  </body>,
  "container": <div>
    <div
      class="MuiContainer-root ContainerWrapper-container-1 MuiContainer-maxWidthLg"
    >
      <div
        class="MuiPaper-root MuiTableContainer-root MuiPaper-elevation1 MuiPaper-rounded"
      >
        <table
          class="MuiTable-root"
        >
          <thead
            class="MuiTableHead-root"
          >
            <tr
              class="MuiTableRow-root MuiTableRow-head"
            >
              <th
                class="MuiTableCell-root MuiTableCell-head"
                scope="col"
              >
                #
              </th>
              <th
                class="MuiTableCell-root MuiTableCell-head"
                scope="col"
              >
                Name and Description
              </th>
              <th
                class="MuiTableCell-root MuiTableCell-head MuiTableCell-alignRight"
                scope="col"
              >
                Market Cap
              </th>
              <th
                class="MuiTableCell-root MuiTableCell-head MuiTableCell-alignRight"
                scope="col"
              >
                Price
              </th>
              <th
                class="MuiTableCell-root MuiTableCell-head MuiTableCell-alignRight"
                scope="col"
              >
                Circularing Supply
              </th>
              <th
                class="MuiTableCell-root MuiTableCell-head MuiTableCell-alignRight"
                scope="col"
              >
                Volume
              </th>
              <th
                class="MuiTableCell-root MuiTableCell-head MuiTableCell-alignRight"
                scope="col"
              >
                Change (24h)
              </th>
            </tr>
          </thead>
          <tbody
            class="MuiTableBody-root"
          >
            <tr
              class="MuiTableRow-root AssetItem-asset-2"
            >
              <td
                class="MuiTableCell-root MuiTableCell-body"
              >
                <h6
                  class="MuiTypography-root MuiTypography-subtitle2"
                >
                  1
                  .
                </h6>
              </td>
              <td
                class="MuiTableCell-root MuiTableCell-body"
              >
                <div
                  class="AssetNameAndDescription-name-5"
                >
                  <div>
                    <h6
                      class="MuiTypography-root MuiTypography-h6"
                    >
                      Bitcoin
                    </h6>
                    <span
                      class="MuiTypography-root MuiTypography-caption"
                    >
                      BTC
                    </span>
                  </div>
                </div>
              </td>
              <td
                class="MuiTableCell-root MuiTableCell-body MuiTableCell-alignRight"
              >
                <h6
                  class="MuiTypography-root MuiTypography-subtitle2"
                >
                  $647.16b
                </h6>
              </td>
              <td
                class="MuiTableCell-root MuiTableCell-body MuiTableCell-alignRight"
              >
                <h6
                  class="MuiTypography-root MuiTypography-subtitle2"
                >
                  $34,761.62
                </h6>
              </td>
              <td
                class="MuiTableCell-root MuiTableCell-body MuiTableCell-alignRight"
              >
                <h6
                  class="MuiTypography-root MuiTypography-subtitle2"
                >
                  18,617,050
                </h6>
              </td>
              <td
                class="MuiTableCell-root MuiTableCell-body MuiTableCell-alignRight"
              >
                <h6
                  class="MuiTypography-root MuiTypography-subtitle2"
                >
                  $14.57b
                </h6>
              </td>
              <td
                class="MuiTableCell-root MuiTableCell-body MuiTableCell-alignRight"
              >
                <h6
                  class="MuiTypography-root ValueColor-up-6 MuiTypography-subtitle2"
                >
                  3.15%
                </h6>
              </td>
            </tr>
            <tr
              class="MuiTableRow-root AssetItem-asset-2"
            >
              <td
                class="MuiTableCell-root MuiTableCell-body"
              >
                <h6
                  class="MuiTypography-root MuiTypography-subtitle2"
                >
                  2
                  .
                </h6>
              </td>
              <td
                class="MuiTableCell-root MuiTableCell-body"
              >
                <div
                  class="AssetNameAndDescription-name-5"
                >
                  <div>
                    <h6
                      class="MuiTypography-root MuiTypography-h6"
                    >
                      Ethereum
                    </h6>
                    <span
                      class="MuiTypography-root MuiTypography-caption"
                    >
                      ETH
                    </span>
                  </div>
                </div>
              </td>
              <td
                class="MuiTableCell-root MuiTableCell-body MuiTableCell-alignRight"
              >
                <h6
                  class="MuiTypography-root MuiTypography-subtitle2"
                >
                  $163.02b
                </h6>
              </td>
              <td
                class="MuiTableCell-root MuiTableCell-body MuiTableCell-alignRight"
              >
                <h6
                  class="MuiTypography-root MuiTypography-subtitle2"
                >
                  $1,423.75
                </h6>
              </td>
              <td
                class="MuiTableCell-root MuiTableCell-body MuiTableCell-alignRight"
              >
                <h6
                  class="MuiTypography-root MuiTypography-subtitle2"
                >
                  114,503,686.687
                </h6>
              </td>
              <td
                class="MuiTableCell-root MuiTableCell-body MuiTableCell-alignRight"
              >
                <h6
                  class="MuiTypography-root MuiTypography-subtitle2"
                >
                  $10.51b
                </h6>
              </td>
              <td
                class="MuiTableCell-root MuiTableCell-body MuiTableCell-alignRight"
              >
                <h6
                  class="MuiTypography-root ValueColor-up-6 MuiTypography-subtitle2"
                >
                  7.16%
                </h6>
              </td>
            </tr>
          </tbody>
        </table>
      </div>
    </div>
  </div>,
  "debug": [Function],
  "findAllByAltText": [Function],
  "findAllByDisplayValue": [Function],
  "findAllByLabelText": [Function],
  "findAllByPlaceholderText": [Function],
  "findAllByRole": [Function],
  "findAllByTestId": [Function],
  "findAllByText": [Function],
  "findAllByTitle": [Function],
  "findByAltText": [Function],
  "findByDisplayValue": [Function],
  "findByLabelText": [Function],
  "findByPlaceholderText": [Function],
  "findByRole": [Function],
  "findByTestId": [Function],
  "findByText": [Function],
  "findByTitle": [Function],
  "getAllByAltText": [Function],
  "getAllByDisplayValue": [Function],
  "getAllByLabelText": [Function],
  "getAllByPlaceholderText": [Function],
  "getAllByRole": [Function],
  "getAllByTestId": [Function],
  "getAllByText": [Function],
  "getAllByTitle": [Function],
  "getByAltText": [Function],
  "getByDisplayValue": [Function],
  "getByLabelText": [Function],
  "getByPlaceholderText": [Function],
  "getByRole": [Function],
  "getByTestId": [Function],
  "getByText": [Function],
  "getByTitle": [Function],
  "queryAllByAltText": [Function],
  "queryAllByDisplayValue": [Function],
  "queryAllByLabelText": [Function],
  "queryAllByPlaceholderText": [Function],
  "queryAllByRole": [Function],
  "queryAllByTestId": [Function],
  "queryAllByText": [Function],
  "queryAllByTitle": [Function],
  "queryByAltText": [Function],
  "queryByDisplayValue": [Function],
  "queryByLabelText": [Function],
  "queryByPlaceholderText": [Function],
  "queryByRole": [Function],
  "queryByTestId": [Function],
  "queryByText": [Function],
  "queryByTitle": [Function],
  "rerender": [Function],
  "unmount": [Function],
}
`;
