// Jest Snapshot v1, https://goo.gl/fbAQLP

exports[`AssetItem Should render it correctly 1`] = `
Object {
  "asFragment": [Function],
  "baseElement": <body>
    <div>
      <table
        class="MuiTable-root"
      >
        <tbody
          class="MuiTableBody-root"
        >
          <tr
            class="MuiTableRow-root AssetItem-asset-1"
          >
            <td
              class="MuiTableCell-root MuiTableCell-body"
            >
              <h6
                class="MuiTypography-root MuiTypography-subtitle2"
              >
                1
                .
              </h6>
            </td>
            <td
              class="MuiTableCell-root MuiTableCell-body"
            >
              <div
                class="AssetNameAndDescription-name-4"
              >
                <div>
                  <p
                    class="MuiTypography-root MuiTypography-button"
                  >
                    Bitcoin
                  </p>
                  <span
                    class="MuiTypography-root MuiTypography-caption"
                  >
                    BTC
                  </span>
                </div>
              </div>
            </td>
            <td
              class="MuiTableCell-root MuiTableCell-body MuiTableCell-alignRight"
            >
              <h6
                class="MuiTypography-root MuiTypography-subtitle2"
              >
                $649,529,734,589
              </h6>
            </td>
            <td
              class="MuiTableCell-root MuiTableCell-body MuiTableCell-alignRight"
            >
              <h6
                class="MuiTypography-root MuiTypography-subtitle2"
              >
                $34,888.97
              </h6>
            </td>
            <td
              class="MuiTableCell-root MuiTableCell-body MuiTableCell-alignRight"
            >
              <h6
                class="MuiTypography-root MuiTypography-subtitle2"
              >
                $14,661,390,048
              </h6>
            </td>
            <td
              class="MuiTableCell-root MuiTableCell-body MuiTableCell-alignRight"
            >
              <span
                class="MuiTypography-root ValueColor-up-5 MuiTypography-subtitle2"
              >
                3.18%
              </span>
            </td>
            <td
              class="MuiTableCell-root MuiTableCell-body MuiTableCell-alignRight"
            >
              <h6
                class="MuiTypography-root MuiTypography-subtitle2"
              >
                18,617,050
              </h6>
            </td>
          </tr>
        </tbody>
      </table>
    </div>
  </body>,
  "container": <div>
    <table
      class="MuiTable-root"
    >
      <tbody
        class="MuiTableBody-root"
      >
        <tr
          class="MuiTableRow-root AssetItem-asset-1"
        >
          <td
            class="MuiTableCell-root MuiTableCell-body"
          >
            <h6
              class="MuiTypography-root MuiTypography-subtitle2"
            >
              1
              .
            </h6>
          </td>
          <td
            class="MuiTableCell-root MuiTableCell-body"
          >
            <div
              class="AssetNameAndDescription-name-4"
            >
              <div>
                <p
                  class="MuiTypography-root MuiTypography-button"
                >
                  Bitcoin
                </p>
                <span
                  class="MuiTypography-root MuiTypography-caption"
                >
                  BTC
                </span>
              </div>
            </div>
          </td>
          <td
            class="MuiTableCell-root MuiTableCell-body MuiTableCell-alignRight"
          >
            <h6
              class="MuiTypography-root MuiTypography-subtitle2"
            >
              $649,529,734,589
            </h6>
          </td>
          <td
            class="MuiTableCell-root MuiTableCell-body MuiTableCell-alignRight"
          >
            <h6
              class="MuiTypography-root MuiTypography-subtitle2"
            >
              $34,888.97
            </h6>
          </td>
          <td
            class="MuiTableCell-root MuiTableCell-body MuiTableCell-alignRight"
          >
            <h6
              class="MuiTypography-root MuiTypography-subtitle2"
            >
              $14,661,390,048
            </h6>
          </td>
          <td
            class="MuiTableCell-root MuiTableCell-body MuiTableCell-alignRight"
          >
            <span
              class="MuiTypography-root ValueColor-up-5 MuiTypography-subtitle2"
            >
              3.18%
            </span>
          </td>
          <td
            class="MuiTableCell-root MuiTableCell-body MuiTableCell-alignRight"
          >
            <h6
              class="MuiTypography-root MuiTypography-subtitle2"
            >
              18,617,050
            </h6>
          </td>
        </tr>
      </tbody>
    </table>
  </div>,
  "debug": [Function],
  "findAllByAltText": [Function],
  "findAllByDisplayValue": [Function],
  "findAllByLabelText": [Function],
  "findAllByPlaceholderText": [Function],
  "findAllByRole": [Function],
  "findAllByTestId": [Function],
  "findAllByText": [Function],
  "findAllByTitle": [Function],
  "findByAltText": [Function],
  "findByDisplayValue": [Function],
  "findByLabelText": [Function],
  "findByPlaceholderText": [Function],
  "findByRole": [Function],
  "findByTestId": [Function],
  "findByText": [Function],
  "findByTitle": [Function],
  "getAllByAltText": [Function],
  "getAllByDisplayValue": [Function],
  "getAllByLabelText": [Function],
  "getAllByPlaceholderText": [Function],
  "getAllByRole": [Function],
  "getAllByTestId": [Function],
  "getAllByText": [Function],
  "getAllByTitle": [Function],
  "getByAltText": [Function],
  "getByDisplayValue": [Function],
  "getByLabelText": [Function],
  "getByPlaceholderText": [Function],
  "getByRole": [Function],
  "getByTestId": [Function],
  "getByText": [Function],
  "getByTitle": [Function],
  "queryAllByAltText": [Function],
  "queryAllByDisplayValue": [Function],
  "queryAllByLabelText": [Function],
  "queryAllByPlaceholderText": [Function],
  "queryAllByRole": [Function],
  "queryAllByTestId": [Function],
  "queryAllByText": [Function],
  "queryAllByTitle": [Function],
  "queryByAltText": [Function],
  "queryByDisplayValue": [Function],
  "queryByLabelText": [Function],
  "queryByPlaceholderText": [Function],
  "queryByRole": [Function],
  "queryByTestId": [Function],
  "queryByText": [Function],
  "queryByTitle": [Function],
  "rerender": [Function],
  "unmount": [Function],
}
`;
